00:05.889  blend            | Read blend: "/home/user/DevDoctor/ads/purepeptide-motion-en/assets/iphone/iphone.blend"
screen texture: /home/user/DevDoctor/ads/purepeptide-motion-en/assets/site/clean/screen_blank.png (1206, 2622)
00:13.166  render           | Saved: '/home/user/DevDoctor/ads/purepeptide-motion-en/assets/iphone/renders/flyin_blank/0000.png'
FRAME flyin 0 7.2s
00:20.525  render           | Saved: '/home/user/DevDoctor/ads/purepeptide-motion-en/assets/iphone/renders/flyin_blank/0001.png'
FRAME flyin 1 7.4s
00:26.820  render           | Saved: '/home/user/DevDoctor/ads/purepeptide-motion-en/assets/iphone/renders/flyin_blank/0002.png'
FRAME flyin 2 6.3s
00:32.342  render           | Saved: '/home/user/DevDoctor/ads/purepeptide-motion-en/assets/iphone/renders/flyin_blank/0003.png'
FRAME flyin 3 5.5s
00:38.087  render           | Saved: '/home/user/DevDoctor/ads/purepeptide-motion-en/assets/iphone/renders/flyin_blank/0004.png'
FRAME flyin 4 5.7s
00:44.025  render           | Saved: '/home/user/DevDoctor/ads/purepeptide-motion-en/assets/iphone/renders/flyin_blank/0005.png'
FRAME flyin 5 5.9s
00:50.203  render           | Saved: '/home/user/DevDoctor/ads/purepeptide-motion-en/assets/iphone/renders/flyin_blank/0006.png'
FRAME flyin 6 6.2s
00:56.199  render           | Saved: '/home/user/DevDoctor/ads/purepeptide-motion-en/assets/iphone/renders/flyin_blank/0007.png'
FRAME flyin 7 6.0s
01:01.918  render           | Saved: '/home/user/DevDoctor/ads/purepeptide-motion-en/assets/iphone/renders/flyin_blank/0008.png'
FRAME flyin 8 5.7s
01:07.382  render           | Saved: '/home/user/DevDoctor/ads/purepeptide-motion-en/assets/iphone/renders/flyin_blank/0009.png'
FRAME flyin 9 5.5s
01:12.617  render           | Saved: '/home/user/DevDoctor/ads/purepeptide-motion-en/assets/iphone/renders/flyin_blank/0010.png'
FRAME flyin 10 5.2s
01:17.539  render           | Saved: '/home/user/DevDoctor/ads/purepeptide-motion-en/assets/iphone/renders/flyin_blank/0011.png'
FRAME flyin 11 4.9s
01:22.179  render           | Saved: '/home/user/DevDoctor/ads/purepeptide-motion-en/assets/iphone/renders/flyin_blank/0012.png'
FRAME flyin 12 4.6s
01:26.202  render           | Saved: '/home/user/DevDoctor/ads/purepeptide-motion-en/assets/iphone/renders/flyin_blank/0013.png'
FRAME flyin 13 4.0s
01:29.797  render           | Saved: '/home/user/DevDoctor/ads/purepeptide-motion-en/assets/iphone/renders/flyin_blank/0014.png'
FRAME flyin 14 3.6s
01:32.890  render           | Saved: '/home/user/DevDoctor/ads/purepeptide-motion-en/assets/iphone/renders/flyin_blank/0015.png'
FRAME flyin 15 3.1s
01:35.402  render           | Saved: '/home/user/DevDoctor/ads/purepeptide-motion-en/assets/iphone/renders/flyin_blank/0016.png'
FRAME flyin 16 2.5s
01:37.407  render           | Saved: '/home/user/DevDoctor/ads/purepeptide-motion-en/assets/iphone/renders/flyin_blank/0017.png'
FRAME flyin 17 2.0s
01:39.044  render           | Saved: '/home/user/DevDoctor/ads/purepeptide-motion-en/assets/iphone/renders/flyin_blank/0018.png'
FRAME flyin 18 1.6s
01:40.984  render           | Saved: '/home/user/DevDoctor/ads/purepeptide-motion-en/assets/iphone/renders/flyin_blank/0019.png'
FRAME flyin 19 1.9s
01:43.349  render           | Saved: '/home/user/DevDoctor/ads/purepeptide-motion-en/assets/iphone/renders/flyin_blank/0020.png'
FRAME flyin 20 2.4s
01:46.142  render           | Saved: '/home/user/DevDoctor/ads/purepeptide-motion-en/assets/iphone/renders/flyin_blank/0021.png'
FRAME flyin 21 2.8s
01:49.234  render           | Saved: '/home/user/DevDoctor/ads/purepeptide-motion-en/assets/iphone/renders/flyin_blank/0022.png'
FRAME flyin 22 3.1s
01:52.715  render           | Saved: '/home/user/DevDoctor/ads/purepeptide-motion-en/assets/iphone/renders/flyin_blank/0023.png'
FRAME flyin 23 3.5s
01:56.448  render           | Saved: '/home/user/DevDoctor/ads/purepeptide-motion-en/assets/iphone/renders/flyin_blank/0024.png'
FRAME flyin 24 3.7s
02:00.315  render           | Saved: '/home/user/DevDoctor/ads/purepeptide-motion-en/assets/iphone/renders/flyin_blank/0025.png'
FRAME flyin 25 3.9s
02:04.487  render           | Saved: '/home/user/DevDoctor/ads/purepeptide-motion-en/assets/iphone/renders/flyin_blank/0026.png'
FRAME flyin 26 4.2s
02:08.889  render           | Saved: '/home/user/DevDoctor/ads/purepeptide-motion-en/assets/iphone/renders/flyin_blank/0027.png'
FRAME flyin 27 4.4s
02:13.513  render           | Saved: '/home/user/DevDoctor/ads/purepeptide-motion-en/assets/iphone/renders/flyin_blank/0028.png'
FRAME flyin 28 4.6s
02:18.299  render           | Saved: '/home/user/DevDoctor/ads/purepeptide-motion-en/assets/iphone/renders/flyin_blank/0029.png'
FRAME flyin 29 4.8s
02:23.453  render           | Saved: '/home/user/DevDoctor/ads/purepeptide-motion-en/assets/iphone/renders/flyin_blank/0030.png'
FRAME flyin 30 5.2s
02:29.980  render           | Saved: '/home/user/DevDoctor/ads/purepeptide-motion-en/assets/iphone/renders/flyin_blank/0031.png'
FRAME flyin 31 6.5s
02:35.390  render           | Saved: '/home/user/DevDoctor/ads/purepeptide-motion-en/assets/iphone/renders/flyin_blank/0032.png'
FRAME flyin 32 5.4s
02:40.964  render           | Saved: '/home/user/DevDoctor/ads/purepeptide-motion-en/assets/iphone/renders/flyin_blank/0033.png'
FRAME flyin 33 5.6s
02:46.767  render           | Saved: '/home/user/DevDoctor/ads/purepeptide-motion-en/assets/iphone/renders/flyin_blank/0034.png'
FRAME flyin 34 5.8s
02:52.554  render           | Saved: '/home/user/DevDoctor/ads/purepeptide-motion-en/assets/iphone/renders/flyin_blank/0035.png'
FRAME flyin 35 5.8s
02:58.420  render           | Saved: '/home/user/DevDoctor/ads/purepeptide-motion-en/assets/iphone/renders/flyin_blank/0036.png'
FRAME flyin 36 5.9s
03:04.791  render           | Saved: '/home/user/DevDoctor/ads/purepeptide-motion-en/assets/iphone/renders/flyin_blank/0037.png'
FRAME flyin 37 6.4s
03:11.127  render           | Saved: '/home/user/DevDoctor/ads/purepeptide-motion-en/assets/iphone/renders/flyin_blank/0038.png'
FRAME flyin 38 6.3s
03:17.454  render           | Saved: '/home/user/DevDoctor/ads/purepeptide-motion-en/assets/iphone/renders/flyin_blank/0039.png'
FRAME flyin 39 6.3s
03:23.798  render           | Saved: '/home/user/DevDoctor/ads/purepeptide-motion-en/assets/iphone/renders/flyin_blank/0040.png'
FRAME flyin 40 6.3s
03:30.113  render           | Saved: '/home/user/DevDoctor/ads/purepeptide-motion-en/assets/iphone/renders/flyin_blank/0041.png'
FRAME flyin 41 6.3s
03:36.533  render           | Saved: '/home/user/DevDoctor/ads/purepeptide-motion-en/assets/iphone/renders/flyin_blank/0042.png'
FRAME flyin 42 6.4s
03:43.449  render           | Saved: '/home/user/DevDoctor/ads/purepeptide-motion-en/assets/iphone/renders/flyin_blank/0043.png'
FRAME flyin 43 6.9s
03:50.405  render           | Saved: '/home/user/DevDoctor/ads/purepeptide-motion-en/assets/iphone/renders/flyin_blank/0044.png'
FRAME flyin 44 7.0s
03:57.190  render           | Saved: '/home/user/DevDoctor/ads/purepeptide-motion-en/assets/iphone/renders/flyin_blank/0045.png'
FRAME flyin 45 6.8s
04:04.170  render           | Saved: '/home/user/DevDoctor/ads/purepeptide-motion-en/assets/iphone/renders/flyin_blank/0046.png'
FRAME flyin 46 7.0s
04:11.278  render           | Saved: '/home/user/DevDoctor/ads/purepeptide-motion-en/assets/iphone/renders/flyin_blank/0047.png'
FRAME flyin 47 7.1s
04:18.359  render           | Saved: '/home/user/DevDoctor/ads/purepeptide-motion-en/assets/iphone/renders/flyin_blank/0048.png'
FRAME flyin 48 7.1s
04:25.337  render           | Saved: '/home/user/DevDoctor/ads/purepeptide-motion-en/assets/iphone/renders/flyin_blank/0049.png'
FRAME flyin 49 7.0s
04:32.052  render           | Saved: '/home/user/DevDoctor/ads/purepeptide-motion-en/assets/iphone/renders/flyin_blank/0050.png'
FRAME flyin 50 6.7s
04:38.606  render           | Saved: '/home/user/DevDoctor/ads/purepeptide-motion-en/assets/iphone/renders/flyin_blank/0051.png'
FRAME flyin 51 6.6s
04:45.459  render           | Saved: '/home/user/DevDoctor/ads/purepeptide-motion-en/assets/iphone/renders/flyin_blank/0052.png'
FRAME flyin 52 6.9s
04:52.690  render           | Saved: '/home/user/DevDoctor/ads/purepeptide-motion-en/assets/iphone/renders/flyin_blank/0053.png'
FRAME flyin 53 7.2s
04:59.508  render           | Saved: '/home/user/DevDoctor/ads/purepeptide-motion-en/assets/iphone/renders/flyin_blank/0054.png'
FRAME flyin 54 6.8s
05:06.150  render           | Saved: '/home/user/DevDoctor/ads/purepeptide-motion-en/assets/iphone/renders/flyin_blank/0055.png'
FRAME flyin 55 6.6s
05:12.689  render           | Saved: '/home/user/DevDoctor/ads/purepeptide-motion-en/assets/iphone/renders/flyin_blank/0056.png'
FRAME flyin 56 6.5s
05:19.442  render           | Saved: '/home/user/DevDoctor/ads/purepeptide-motion-en/assets/iphone/renders/flyin_blank/0057.png'
FRAME flyin 57 6.8s
05:26.107  render           | Saved: '/home/user/DevDoctor/ads/purepeptide-motion-en/assets/iphone/renders/flyin_blank/0058.png'
FRAME flyin 58 6.7s
05:32.666  render           | Saved: '/home/user/DevDoctor/ads/purepeptide-motion-en/assets/iphone/renders/flyin_blank/0059.png'
FRAME flyin 59 6.6s
05:39.217  render           | Saved: '/home/user/DevDoctor/ads/purepeptide-motion-en/assets/iphone/renders/flyin_blank/0060.png'
FRAME flyin 60 6.6s
05:45.903  render           | Saved: '/home/user/DevDoctor/ads/purepeptide-motion-en/assets/iphone/renders/flyin_blank/0061.png'
FRAME flyin 61 6.7s
05:52.369  render           | Saved: '/home/user/DevDoctor/ads/purepeptide-motion-en/assets/iphone/renders/flyin_blank/0062.png'
FRAME flyin 62 6.5s
05:58.626  render           | Saved: '/home/user/DevDoctor/ads/purepeptide-motion-en/assets/iphone/renders/flyin_blank/0063.png'
FRAME flyin 63 6.3s
06:04.770  render           | Saved: '/home/user/DevDoctor/ads/purepeptide-motion-en/assets/iphone/renders/flyin_blank/0064.png'
FRAME flyin 64 6.1s
06:11.083  render           | Saved: '/home/user/DevDoctor/ads/purepeptide-motion-en/assets/iphone/renders/flyin_blank/0065.png'
FRAME flyin 65 6.3s
06:17.647  render           | Saved: '/home/user/DevDoctor/ads/purepeptide-motion-en/assets/iphone/renders/flyin_blank/0066.png'
FRAME flyin 66 6.6s
06:24.214  render           | Saved: '/home/user/DevDoctor/ads/purepeptide-motion-en/assets/iphone/renders/flyin_blank/0067.png'
FRAME flyin 67 6.6s
06:30.973  render           | Saved: '/home/user/DevDoctor/ads/purepeptide-motion-en/assets/iphone/renders/flyin_blank/0068.png'
FRAME flyin 68 6.8s
06:37.264  render           | Saved: '/home/user/DevDoctor/ads/purepeptide-motion-en/assets/iphone/renders/flyin_blank/0069.png'
FRAME flyin 69 6.3s
06:43.635  render           | Saved: '/home/user/DevDoctor/ads/purepeptide-motion-en/assets/iphone/renders/flyin_blank/0070.png'
FRAME flyin 70 6.4s
06:49.745  render           | Saved: '/home/user/DevDoctor/ads/purepeptide-motion-en/assets/iphone/renders/flyin_blank/0071.png'
FRAME flyin 71 6.1s
06:55.964  render           | Saved: '/home/user/DevDoctor/ads/purepeptide-motion-en/assets/iphone/renders/flyin_blank/0072.png'
FRAME flyin 72 6.2s
07:02.263  render           | Saved: '/home/user/DevDoctor/ads/purepeptide-motion-en/assets/iphone/renders/flyin_blank/0073.png'
FRAME flyin 73 6.3s
07:09.488  render           | Saved: '/home/user/DevDoctor/ads/purepeptide-motion-en/assets/iphone/renders/flyin_blank/0074.png'
FRAME flyin 74 7.2s
07:17.537  render           | Saved: '/home/user/DevDoctor/ads/purepeptide-motion-en/assets/iphone/renders/flyin_blank/0075.png'
FRAME flyin 75 8.0s
07:25.284  render           | Saved: '/home/user/DevDoctor/ads/purepeptide-motion-en/assets/iphone/renders/flyin_blank/0076.png'
FRAME flyin 76 7.7s
07:33.266  render           | Saved: '/home/user/DevDoctor/ads/purepeptide-motion-en/assets/iphone/renders/flyin_blank/0077.png'
FRAME flyin 77 8.0s
07:40.122  render           | Saved: '/home/user/DevDoctor/ads/purepeptide-motion-en/assets/iphone/renders/flyin_blank/0078.png'
FRAME flyin 78 6.9s
07:46.126  render           | Saved: '/home/user/DevDoctor/ads/purepeptide-motion-en/assets/iphone/renders/flyin_blank/0079.png'
FRAME flyin 79 6.0s
07:52.309  render           | Saved: '/home/user/DevDoctor/ads/purepeptide-motion-en/assets/iphone/renders/flyin_blank/0080.png'
FRAME flyin 80 6.2s
07:58.552  render           | Saved: '/home/user/DevDoctor/ads/purepeptide-motion-en/assets/iphone/renders/flyin_blank/0081.png'
FRAME flyin 81 6.2s
08:06.517  render           | Saved: '/home/user/DevDoctor/ads/purepeptide-motion-en/assets/iphone/renders/flyin_blank/0082.png'
FRAME flyin 82 8.0s
08:14.256  render           | Saved: '/home/user/DevDoctor/ads/purepeptide-motion-en/assets/iphone/renders/flyin_blank/0083.png'
FRAME flyin 83 7.7s
08:20.351  render           | Saved: '/home/user/DevDoctor/ads/purepeptide-motion-en/assets/iphone/renders/flyin_blank/0084.png'
FRAME flyin 84 6.1s
08:26.324  render           | Saved: '/home/user/DevDoctor/ads/purepeptide-motion-en/assets/iphone/renders/flyin_blank/0085.png'
FRAME flyin 85 6.0s
08:32.347  render           | Saved: '/home/user/DevDoctor/ads/purepeptide-motion-en/assets/iphone/renders/flyin_blank/0086.png'
FRAME flyin 86 6.0s
08:38.334  render           | Saved: '/home/user/DevDoctor/ads/purepeptide-motion-en/assets/iphone/renders/flyin_blank/0087.png'
FRAME flyin 87 6.0s
08:44.149  render           | Saved: '/home/user/DevDoctor/ads/purepeptide-motion-en/assets/iphone/renders/flyin_blank/0088.png'
FRAME flyin 88 5.8s
08:49.938  render           | Saved: '/home/user/DevDoctor/ads/purepeptide-motion-en/assets/iphone/renders/flyin_blank/0089.png'
FRAME flyin 89 5.8s
DONE flyin frames=90 avg=5.82s total=524s
