/home/user/DevDoctor/ads/purepeptide-motion-en/assets/iphone/tools/build_iphone.py:258: DeprecationWarning: 'Material.use_nodes' is expected to be removed in Blender 6.0
  m.use_nodes = True
/home/user/DevDoctor/ads/purepeptide-motion-en/assets/iphone/tools/build_iphone.py:679: DeprecationWarning: 'World.use_nodes' is expected to be removed in Blender 6.0
  world.use_nodes = True
camera distance 758.976 mm
00:00.996  cycles           | WARNING CUEW initialization failed: Error opening the library
Info: Saved as "iphone.blend"
saved iphone.blend  objects=45
00:00.429  blend            | Read blend: "/home/user/DevDoctor/ads/purepeptide-motion-en/assets/iphone/iphone.blend"
screen texture: /home/user/DevDoctor/ads/purepeptide-motion-en/assets/site/screen_home.png (1206, 2622)
00:18.799  render           | Saved: '/home/user/DevDoctor/ads/purepeptide-motion-en/assets/iphone/front_body.png'
FRONT_BODY 18.3s
00:45.715  render           | Saved: '/home/user/DevDoctor/ads/purepeptide-motion-en/assets/iphone/renders/_front_glass_raw.png'
FRONT_GLASS 26.9s
glass max 0.129 (sRGB), mean over screen 0.0146
{
 "screen": {
  "x": 759.85,
  "y": 105.27,
  "w": 400.31,
  "h": 869.45,
  "radius": 51.9,
  "radius_cover": 51.9,
  "radius_eq_max_gap": 0.0,
  "corner_extent": 78.63
 },
 "island": {
  "x": 897.81,
  "y": 119.19,
  "w": 124.39,
  "h": 36.82,
  "radius": 18.41
 },
 "phone_bbox": [
  741.5,
  90.0,
  437.0,
  900.0
 ]
} 
verify {"hole_left_right_alpha_crossings_px": [1519.8324607329844, 2320.167539267016], "hole_top_bottom_alpha_crossings_px": [210.65562913907286, 1949.3916083916083], "projected_left_right_px": [1519.6937942504883, 2320.3063201904297], "projected_top_bottom_px": [210.54765701293945, 1949.4530349969864], "max_error_px": 0.13878092341383308, "fraction_of_hole_transparent": 0.9857147166262291, "island_centre_alpha": 1.0, "phone_silhouette_px_4k": [1483, 180, 874, 1800]}
wrote /home/user/DevDoctor/ads/purepeptide-motion-en/assets/iphone/front_full_test.png
00:00.395  blend            | Read blend: "/home/user/DevDoctor/ads/purepeptide-motion-en/assets/iphone/iphone.blend"
screen texture: /home/user/DevDoctor/ads/purepeptide-motion-en/assets/site/screen_home.png (1206, 2622)
screen texture: /home/user/DevDoctor/ads/purepeptide-motion-en/assets/iphone/testpattern.png (1206, 2622)
00:05.705  render           | Saved: '/home/user/DevDoctor/ads/purepeptide-motion-en/assets/iphone/renders/colortest.png'
patch [255, 255, 255] -> [254.9 254.8 254.9]
patch [230, 230, 230] -> [230.1 229.9 230.2]
patch [188, 188, 188] -> [188.  187.9 188. ]
patch [128, 128, 128] -> [128.  127.9 128. ]
patch [64, 64, 64] -> [64.1 64.  64. ]
patch [16, 16, 16] -> [16. 16. 16.]
patch [255, 0, 0] -> [2.55e+02 1.00e-01 1.00e-01]
patch [0, 255, 0] -> [2.000e-01 2.547e+02 2.000e-01]
patch [0, 0, 255] -> [1.000e-01 1.000e-01 2.549e+02]
patch [0, 255, 255] -> [1.000e-01 2.546e+02 2.547e+02]
patch [255, 0, 255] -> [2.55e+02 2.00e-01 2.55e+02]
patch [255, 255, 0] -> [2.542e+02 2.547e+02 1.000e-01]
patch [18, 58, 120] -> [ 18.   58.  120.1]
patch [31, 79, 209] -> [ 31.1  79.  209.2]
patch [20, 130, 110] -> [ 19.9 129.7 109.9]
patch [244, 247, 251] -> [244.  246.7 251. ]
patch [225, 180, 150] -> [225.  179.9 150.2]
patch [120, 70, 40] -> [120.3  70.   39.9]
patch [200, 60, 50] -> [200.1  60.1  50. ]
patch [60, 160, 80] -> [ 60.  159.8  80.1]
patch [70, 100, 200] -> [ 70.   99.9 200. ]
patch [240, 200, 60] -> [240.1 199.9  59.9]
patch [90, 90, 110] -> [ 90.   90.  110.1]
patch [180, 200, 230] -> [180.  199.7 229.8]
COLORTEST glass=False max abs error 0.77 levels, mean 0.20
00:13.237  render           | Saved: '/home/user/DevDoctor/ads/purepeptide-motion-en/assets/iphone/renders/colortest_glass.png'
patch [255, 255, 255] -> [255. 255. 255.]
patch [230, 230, 230] -> [230.2 230.1 230.7]
patch [188, 188, 188] -> [187.5 187.5 187.8]
patch [128, 128, 128] -> [128.  127.9 128.1]
patch [64, 64, 64] -> [64.4 64.2 64.1]
patch [16, 16, 16] -> [18.1 18.  18.2]
patch [255, 0, 0] -> [254.6  12.7  13.2]
patch [0, 255, 0] -> [  5.4 254.    5.4]
patch [0, 0, 255] -> [  1.2   1.  254.8]
patch [0, 255, 255] -> [2.000e-01 2.547e+02 2.542e+02]
patch [255, 0, 255] -> [254.4   2.2 254.8]
patch [255, 255, 0] -> [254.4 254.6   0.5]
patch [18, 58, 120] -> [ 21.3  59.2 120.7]
patch [31, 79, 209] -> [ 31.2  79.  209. ]
patch [20, 130, 110] -> [ 19.9 129.9 110.1]
patch [244, 247, 251] -> [243.9 246.7 251.4]
patch [225, 180, 150] -> [225.2 180.1 150.3]
patch [120, 70, 40] -> [120.8  70.1  39.8]
patch [200, 60, 50] -> [200.8  60.3  50.1]
patch [60, 160, 80] -> [ 60.2 160.   80.1]
patch [70, 100, 200] -> [ 70.5 100.4 200.8]
patch [240, 200, 60] -> [241.2 200.2  59.8]
patch [90, 90, 110] -> [ 90.   90.  110.2]
patch [180, 200, 230] -> [179.6 199.4 229.6]
COLORTEST glass=True max abs error 13.22 levels, mean 1.51
00:00.418  blend            | Read blend: "/home/user/DevDoctor/ads/purepeptide-motion-en/assets/iphone/iphone.blend"
screen texture: /home/user/DevDoctor/ads/purepeptide-motion-en/assets/site/screen_home.png (1206, 2622)
00:09.232  render           | Saved: '/home/user/DevDoctor/ads/purepeptide-motion-en/assets/iphone/renders/front3d.png'
STILL front3d 8.7s -> /home/user/DevDoctor/ads/purepeptide-motion-en/assets/iphone/renders/front3d.png
00:00.385  blend            | Read blend: "/home/user/DevDoctor/ads/purepeptide-motion-en/assets/iphone/iphone.blend"
screen texture: /home/user/DevDoctor/ads/purepeptide-motion-en/assets/site/screen_home.png (1206, 2622)
00:07.511  render           | Saved: '/home/user/DevDoctor/ads/purepeptide-motion-en/assets/iphone/renders/flyin/0000.png'
FRAME flyin 0 7.0s
00:14.462  render           | Saved: '/home/user/DevDoctor/ads/purepeptide-motion-en/assets/iphone/renders/flyin/0001.png'
FRAME flyin 1 6.9s
00:21.390  render           | Saved: '/home/user/DevDoctor/ads/purepeptide-motion-en/assets/iphone/renders/flyin/0002.png'
FRAME flyin 2 6.9s
00:28.371  render           | Saved: '/home/user/DevDoctor/ads/purepeptide-motion-en/assets/iphone/renders/flyin/0003.png'
FRAME flyin 3 7.0s
00:35.476  render           | Saved: '/home/user/DevDoctor/ads/purepeptide-motion-en/assets/iphone/renders/flyin/0004.png'
FRAME flyin 4 7.1s
00:42.663  render           | Saved: '/home/user/DevDoctor/ads/purepeptide-motion-en/assets/iphone/renders/flyin/0005.png'
FRAME flyin 5 7.2s
00:50.342  render           | Saved: '/home/user/DevDoctor/ads/purepeptide-motion-en/assets/iphone/renders/flyin/0006.png'
FRAME flyin 6 7.7s
00:57.589  render           | Saved: '/home/user/DevDoctor/ads/purepeptide-motion-en/assets/iphone/renders/flyin/0007.png'
FRAME flyin 7 7.2s
01:04.732  render           | Saved: '/home/user/DevDoctor/ads/purepeptide-motion-en/assets/iphone/renders/flyin/0008.png'
FRAME flyin 8 7.1s
01:11.443  render           | Saved: '/home/user/DevDoctor/ads/purepeptide-motion-en/assets/iphone/renders/flyin/0009.png'
FRAME flyin 9 6.7s
01:18.072  render           | Saved: '/home/user/DevDoctor/ads/purepeptide-motion-en/assets/iphone/renders/flyin/0010.png'
FRAME flyin 10 6.6s
01:24.286  render           | Saved: '/home/user/DevDoctor/ads/purepeptide-motion-en/assets/iphone/renders/flyin/0011.png'
FRAME flyin 11 6.2s
01:30.027  render           | Saved: '/home/user/DevDoctor/ads/purepeptide-motion-en/assets/iphone/renders/flyin/0012.png'
FRAME flyin 12 5.7s
01:35.385  render           | Saved: '/home/user/DevDoctor/ads/purepeptide-motion-en/assets/iphone/renders/flyin/0013.png'
FRAME flyin 13 5.4s
01:39.937  render           | Saved: '/home/user/DevDoctor/ads/purepeptide-motion-en/assets/iphone/renders/flyin/0014.png'
FRAME flyin 14 4.5s
01:43.914  render           | Saved: '/home/user/DevDoctor/ads/purepeptide-motion-en/assets/iphone/renders/flyin/0015.png'
FRAME flyin 15 4.0s
01:47.350  render           | Saved: '/home/user/DevDoctor/ads/purepeptide-motion-en/assets/iphone/renders/flyin/0016.png'
FRAME flyin 16 3.4s
01:50.067  render           | Saved: '/home/user/DevDoctor/ads/purepeptide-motion-en/assets/iphone/renders/flyin/0017.png'
FRAME flyin 17 2.7s
01:52.290  render           | Saved: '/home/user/DevDoctor/ads/purepeptide-motion-en/assets/iphone/renders/flyin/0018.png'
FRAME flyin 18 2.2s
01:54.914  render           | Saved: '/home/user/DevDoctor/ads/purepeptide-motion-en/assets/iphone/renders/flyin/0019.png'
FRAME flyin 19 2.6s
01:58.203  render           | Saved: '/home/user/DevDoctor/ads/purepeptide-motion-en/assets/iphone/renders/flyin/0020.png'
FRAME flyin 20 3.3s
02:01.818  render           | Saved: '/home/user/DevDoctor/ads/purepeptide-motion-en/assets/iphone/renders/flyin/0021.png'
FRAME flyin 21 3.6s
02:05.944  render           | Saved: '/home/user/DevDoctor/ads/purepeptide-motion-en/assets/iphone/renders/flyin/0022.png'
FRAME flyin 22 4.1s
02:10.323  render           | Saved: '/home/user/DevDoctor/ads/purepeptide-motion-en/assets/iphone/renders/flyin/0023.png'
FRAME flyin 23 4.4s
02:15.078  render           | Saved: '/home/user/DevDoctor/ads/purepeptide-motion-en/assets/iphone/renders/flyin/0024.png'
FRAME flyin 24 4.8s
02:20.111  render           | Saved: '/home/user/DevDoctor/ads/purepeptide-motion-en/assets/iphone/renders/flyin/0025.png'
FRAME flyin 25 5.0s
02:25.572  render           | Saved: '/home/user/DevDoctor/ads/purepeptide-motion-en/assets/iphone/renders/flyin/0026.png'
FRAME flyin 26 5.5s
02:31.281  render           | Saved: '/home/user/DevDoctor/ads/purepeptide-motion-en/assets/iphone/renders/flyin/0027.png'
FRAME flyin 27 5.7s
02:37.234  render           | Saved: '/home/user/DevDoctor/ads/purepeptide-motion-en/assets/iphone/renders/flyin/0028.png'
FRAME flyin 28 6.0s
02:43.463  render           | Saved: '/home/user/DevDoctor/ads/purepeptide-motion-en/assets/iphone/renders/flyin/0029.png'
FRAME flyin 29 6.2s
02:50.075  render           | Saved: '/home/user/DevDoctor/ads/purepeptide-motion-en/assets/iphone/renders/flyin/0030.png'
FRAME flyin 30 6.6s
02:56.926  render           | Saved: '/home/user/DevDoctor/ads/purepeptide-motion-en/assets/iphone/renders/flyin/0031.png'
FRAME flyin 31 6.9s
03:04.093  render           | Saved: '/home/user/DevDoctor/ads/purepeptide-motion-en/assets/iphone/renders/flyin/0032.png'
FRAME flyin 32 7.2s
03:11.515  render           | Saved: '/home/user/DevDoctor/ads/purepeptide-motion-en/assets/iphone/renders/flyin/0033.png'
FRAME flyin 33 7.4s
03:19.004  render           | Saved: '/home/user/DevDoctor/ads/purepeptide-motion-en/assets/iphone/renders/flyin/0034.png'
FRAME flyin 34 7.5s
03:26.691  render           | Saved: '/home/user/DevDoctor/ads/purepeptide-motion-en/assets/iphone/renders/flyin/0035.png'
FRAME flyin 35 7.7s
03:34.414  render           | Saved: '/home/user/DevDoctor/ads/purepeptide-motion-en/assets/iphone/renders/flyin/0036.png'
FRAME flyin 36 7.7s
03:42.343  render           | Saved: '/home/user/DevDoctor/ads/purepeptide-motion-en/assets/iphone/renders/flyin/0037.png'
FRAME flyin 37 7.9s
03:50.823  render           | Saved: '/home/user/DevDoctor/ads/purepeptide-motion-en/assets/iphone/renders/flyin/0038.png'
FRAME flyin 38 8.5s
03:59.127  render           | Saved: '/home/user/DevDoctor/ads/purepeptide-motion-en/assets/iphone/renders/flyin/0039.png'
FRAME flyin 39 8.3s
04:07.796  render           | Saved: '/home/user/DevDoctor/ads/purepeptide-motion-en/assets/iphone/renders/flyin/0040.png'
FRAME flyin 40 8.7s
04:16.109  render           | Saved: '/home/user/DevDoctor/ads/purepeptide-motion-en/assets/iphone/renders/flyin/0041.png'
FRAME flyin 41 8.3s
04:24.553  render           | Saved: '/home/user/DevDoctor/ads/purepeptide-motion-en/assets/iphone/renders/flyin/0042.png'
FRAME flyin 42 8.4s
04:32.900  render           | Saved: '/home/user/DevDoctor/ads/purepeptide-motion-en/assets/iphone/renders/flyin/0043.png'
FRAME flyin 43 8.3s
04:41.670  render           | Saved: '/home/user/DevDoctor/ads/purepeptide-motion-en/assets/iphone/renders/flyin/0044.png'
FRAME flyin 44 8.8s
04:50.495  render           | Saved: '/home/user/DevDoctor/ads/purepeptide-motion-en/assets/iphone/renders/flyin/0045.png'
FRAME flyin 45 8.8s
04:59.182  render           | Saved: '/home/user/DevDoctor/ads/purepeptide-motion-en/assets/iphone/renders/flyin/0046.png'
FRAME flyin 46 8.7s
05:07.928  render           | Saved: '/home/user/DevDoctor/ads/purepeptide-motion-en/assets/iphone/renders/flyin/0047.png'
FRAME flyin 47 8.7s
05:16.954  render           | Saved: '/home/user/DevDoctor/ads/purepeptide-motion-en/assets/iphone/renders/flyin/0048.png'
FRAME flyin 48 9.0s
05:25.621  render           | Saved: '/home/user/DevDoctor/ads/purepeptide-motion-en/assets/iphone/renders/flyin/0049.png'
FRAME flyin 49 8.7s
05:34.447  render           | Saved: '/home/user/DevDoctor/ads/purepeptide-motion-en/assets/iphone/renders/flyin/0050.png'
FRAME flyin 50 8.8s
05:43.158  render           | Saved: '/home/user/DevDoctor/ads/purepeptide-motion-en/assets/iphone/renders/flyin/0051.png'
FRAME flyin 51 8.7s
05:51.787  render           | Saved: '/home/user/DevDoctor/ads/purepeptide-motion-en/assets/iphone/renders/flyin/0052.png'
FRAME flyin 52 8.6s
06:00.526  render           | Saved: '/home/user/DevDoctor/ads/purepeptide-motion-en/assets/iphone/renders/flyin/0053.png'
FRAME flyin 53 8.7s
06:08.963  render           | Saved: '/home/user/DevDoctor/ads/purepeptide-motion-en/assets/iphone/renders/flyin/0054.png'
FRAME flyin 54 8.4s
06:17.300  render           | Saved: '/home/user/DevDoctor/ads/purepeptide-motion-en/assets/iphone/renders/flyin/0055.png'
FRAME flyin 55 8.3s
06:25.552  render           | Saved: '/home/user/DevDoctor/ads/purepeptide-motion-en/assets/iphone/renders/flyin/0056.png'
FRAME flyin 56 8.3s
06:33.987  render           | Saved: '/home/user/DevDoctor/ads/purepeptide-motion-en/assets/iphone/renders/flyin/0057.png'
FRAME flyin 57 8.4s
06:42.266  render           | Saved: '/home/user/DevDoctor/ads/purepeptide-motion-en/assets/iphone/renders/flyin/0058.png'
FRAME flyin 58 8.3s
06:50.616  render           | Saved: '/home/user/DevDoctor/ads/purepeptide-motion-en/assets/iphone/renders/flyin/0059.png'
FRAME flyin 59 8.3s
06:58.736  render           | Saved: '/home/user/DevDoctor/ads/purepeptide-motion-en/assets/iphone/renders/flyin/0060.png'
FRAME flyin 60 8.1s
07:06.738  render           | Saved: '/home/user/DevDoctor/ads/purepeptide-motion-en/assets/iphone/renders/flyin/0061.png'
FRAME flyin 61 8.0s
07:14.530  render           | Saved: '/home/user/DevDoctor/ads/purepeptide-motion-en/assets/iphone/renders/flyin/0062.png'
FRAME flyin 62 7.8s
07:22.621  render           | Saved: '/home/user/DevDoctor/ads/purepeptide-motion-en/assets/iphone/renders/flyin/0063.png'
FRAME flyin 63 8.1s
07:30.346  render           | Saved: '/home/user/DevDoctor/ads/purepeptide-motion-en/assets/iphone/renders/flyin/0064.png'
FRAME flyin 64 7.7s
07:38.236  render           | Saved: '/home/user/DevDoctor/ads/purepeptide-motion-en/assets/iphone/renders/flyin/0065.png'
FRAME flyin 65 7.9s
07:46.072  render           | Saved: '/home/user/DevDoctor/ads/purepeptide-motion-en/assets/iphone/renders/flyin/0066.png'
FRAME flyin 66 7.8s
07:54.041  render           | Saved: '/home/user/DevDoctor/ads/purepeptide-motion-en/assets/iphone/renders/flyin/0067.png'
FRAME flyin 67 8.0s
08:01.762  render           | Saved: '/home/user/DevDoctor/ads/purepeptide-motion-en/assets/iphone/renders/flyin/0068.png'
FRAME flyin 68 7.7s
08:09.719  render           | Saved: '/home/user/DevDoctor/ads/purepeptide-motion-en/assets/iphone/renders/flyin/0069.png'
FRAME flyin 69 8.0s
08:17.349  render           | Saved: '/home/user/DevDoctor/ads/purepeptide-motion-en/assets/iphone/renders/flyin/0070.png'
FRAME flyin 70 7.6s
08:25.285  render           | Saved: '/home/user/DevDoctor/ads/purepeptide-motion-en/assets/iphone/renders/flyin/0071.png'
FRAME flyin 71 7.9s
08:33.023  render           | Saved: '/home/user/DevDoctor/ads/purepeptide-motion-en/assets/iphone/renders/flyin/0072.png'
FRAME flyin 72 7.7s
08:41.133  render           | Saved: '/home/user/DevDoctor/ads/purepeptide-motion-en/assets/iphone/renders/flyin/0073.png'
FRAME flyin 73 8.1s
08:48.966  render           | Saved: '/home/user/DevDoctor/ads/purepeptide-motion-en/assets/iphone/renders/flyin/0074.png'
FRAME flyin 74 7.8s
08:56.970  render           | Saved: '/home/user/DevDoctor/ads/purepeptide-motion-en/assets/iphone/renders/flyin/0075.png'
FRAME flyin 75 8.0s
09:04.848  render           | Saved: '/home/user/DevDoctor/ads/purepeptide-motion-en/assets/iphone/renders/flyin/0076.png'
FRAME flyin 76 7.9s
09:12.551  render           | Saved: '/home/user/DevDoctor/ads/purepeptide-motion-en/assets/iphone/renders/flyin/0077.png'
FRAME flyin 77 7.7s
09:20.543  render           | Saved: '/home/user/DevDoctor/ads/purepeptide-motion-en/assets/iphone/renders/flyin/0078.png'
FRAME flyin 78 8.0s
09:28.384  render           | Saved: '/home/user/DevDoctor/ads/purepeptide-motion-en/assets/iphone/renders/flyin/0079.png'
FRAME flyin 79 7.8s
09:36.034  render           | Saved: '/home/user/DevDoctor/ads/purepeptide-motion-en/assets/iphone/renders/flyin/0080.png'
FRAME flyin 80 7.6s
09:43.850  render           | Saved: '/home/user/DevDoctor/ads/purepeptide-motion-en/assets/iphone/renders/flyin/0081.png'
FRAME flyin 81 7.8s
09:51.941  render           | Saved: '/home/user/DevDoctor/ads/purepeptide-motion-en/assets/iphone/renders/flyin/0082.png'
FRAME flyin 82 8.1s
09:59.483  render           | Saved: '/home/user/DevDoctor/ads/purepeptide-motion-en/assets/iphone/renders/flyin/0083.png'
FRAME flyin 83 7.5s
10:07.233  render           | Saved: '/home/user/DevDoctor/ads/purepeptide-motion-en/assets/iphone/renders/flyin/0084.png'
FRAME flyin 84 7.7s
10:14.820  render           | Saved: '/home/user/DevDoctor/ads/purepeptide-motion-en/assets/iphone/renders/flyin/0085.png'
FRAME flyin 85 7.6s
10:22.361  render           | Saved: '/home/user/DevDoctor/ads/purepeptide-motion-en/assets/iphone/renders/flyin/0086.png'
FRAME flyin 86 7.5s
10:29.803  render           | Saved: '/home/user/DevDoctor/ads/purepeptide-motion-en/assets/iphone/renders/flyin/0087.png'
FRAME flyin 87 7.4s
10:37.107  render           | Saved: '/home/user/DevDoctor/ads/purepeptide-motion-en/assets/iphone/renders/flyin/0088.png'
FRAME flyin 88 7.3s
10:43.670  render           | Saved: '/home/user/DevDoctor/ads/purepeptide-motion-en/assets/iphone/renders/flyin/0089.png'
FRAME flyin 89 6.6s
DONE flyin frames=90 avg=7.14s total=643s
00:00.380  blend            | Read blend: "/home/user/DevDoctor/ads/purepeptide-motion-en/assets/iphone/iphone.blend"
screen texture: /home/user/DevDoctor/ads/purepeptide-motion-en/assets/site/screen_cart.png (1206, 2622)
00:08.827  render           | Saved: '/home/user/DevDoctor/ads/purepeptide-motion-en/assets/iphone/renders/tiltout/0000.png'
FRAME tiltout 0 8.3s
00:16.411  render           | Saved: '/home/user/DevDoctor/ads/purepeptide-motion-en/assets/iphone/renders/tiltout/0001.png'
FRAME tiltout 1 7.6s
00:23.344  render           | Saved: '/home/user/DevDoctor/ads/purepeptide-motion-en/assets/iphone/renders/tiltout/0002.png'
FRAME tiltout 2 6.9s
00:32.252  render           | Saved: '/home/user/DevDoctor/ads/purepeptide-motion-en/assets/iphone/renders/tiltout/0003.png'
FRAME tiltout 3 8.9s
00:39.961  render           | Saved: '/home/user/DevDoctor/ads/purepeptide-motion-en/assets/iphone/renders/tiltout/0004.png'
FRAME tiltout 4 7.7s
00:47.911  render           | Saved: '/home/user/DevDoctor/ads/purepeptide-motion-en/assets/iphone/renders/tiltout/0005.png'
FRAME tiltout 5 7.9s
00:55.607  render           | Saved: '/home/user/DevDoctor/ads/purepeptide-motion-en/assets/iphone/renders/tiltout/0006.png'
FRAME tiltout 6 7.7s
01:03.317  render           | Saved: '/home/user/DevDoctor/ads/purepeptide-motion-en/assets/iphone/renders/tiltout/0007.png'
FRAME tiltout 7 7.7s
01:11.047  render           | Saved: '/home/user/DevDoctor/ads/purepeptide-motion-en/assets/iphone/renders/tiltout/0008.png'
FRAME tiltout 8 7.7s
01:18.901  render           | Saved: '/home/user/DevDoctor/ads/purepeptide-motion-en/assets/iphone/renders/tiltout/0009.png'
FRAME tiltout 9 7.9s
01:26.817  render           | Saved: '/home/user/DevDoctor/ads/purepeptide-motion-en/assets/iphone/renders/tiltout/0010.png'
FRAME tiltout 10 7.9s
01:34.849  render           | Saved: '/home/user/DevDoctor/ads/purepeptide-motion-en/assets/iphone/renders/tiltout/0011.png'
FRAME tiltout 11 8.0s
01:42.746  render           | Saved: '/home/user/DevDoctor/ads/purepeptide-motion-en/assets/iphone/renders/tiltout/0012.png'
FRAME tiltout 12 7.9s
01:50.420  render           | Saved: '/home/user/DevDoctor/ads/purepeptide-motion-en/assets/iphone/renders/tiltout/0013.png'
FRAME tiltout 13 7.7s
01:58.561  render           | Saved: '/home/user/DevDoctor/ads/purepeptide-motion-en/assets/iphone/renders/tiltout/0014.png'
FRAME tiltout 14 8.1s
02:06.798  render           | Saved: '/home/user/DevDoctor/ads/purepeptide-motion-en/assets/iphone/renders/tiltout/0015.png'
FRAME tiltout 15 8.2s
02:14.923  render           | Saved: '/home/user/DevDoctor/ads/purepeptide-motion-en/assets/iphone/renders/tiltout/0016.png'
FRAME tiltout 16 8.1s
02:23.284  render           | Saved: '/home/user/DevDoctor/ads/purepeptide-motion-en/assets/iphone/renders/tiltout/0017.png'
FRAME tiltout 17 8.4s
02:31.393  render           | Saved: '/home/user/DevDoctor/ads/purepeptide-motion-en/assets/iphone/renders/tiltout/0018.png'
FRAME tiltout 18 8.1s
02:39.599  render           | Saved: '/home/user/DevDoctor/ads/purepeptide-motion-en/assets/iphone/renders/tiltout/0019.png'
FRAME tiltout 19 8.2s
02:47.750  render           | Saved: '/home/user/DevDoctor/ads/purepeptide-motion-en/assets/iphone/renders/tiltout/0020.png'
FRAME tiltout 20 8.1s
02:55.888  render           | Saved: '/home/user/DevDoctor/ads/purepeptide-motion-en/assets/iphone/renders/tiltout/0021.png'
FRAME tiltout 21 8.1s
03:04.053  render           | Saved: '/home/user/DevDoctor/ads/purepeptide-motion-en/assets/iphone/renders/tiltout/0022.png'
FRAME tiltout 22 8.2s
03:12.157  render           | Saved: '/home/user/DevDoctor/ads/purepeptide-motion-en/assets/iphone/renders/tiltout/0023.png'
FRAME tiltout 23 8.1s
03:20.415  render           | Saved: '/home/user/DevDoctor/ads/purepeptide-motion-en/assets/iphone/renders/tiltout/0024.png'
FRAME tiltout 24 8.3s
03:28.625  render           | Saved: '/home/user/DevDoctor/ads/purepeptide-motion-en/assets/iphone/renders/tiltout/0025.png'
FRAME tiltout 25 8.2s
03:36.749  render           | Saved: '/home/user/DevDoctor/ads/purepeptide-motion-en/assets/iphone/renders/tiltout/0026.png'
FRAME tiltout 26 8.1s
03:44.791  render           | Saved: '/home/user/DevDoctor/ads/purepeptide-motion-en/assets/iphone/renders/tiltout/0027.png'
FRAME tiltout 27 8.0s
03:52.723  render           | Saved: '/home/user/DevDoctor/ads/purepeptide-motion-en/assets/iphone/renders/tiltout/0028.png'
FRAME tiltout 28 7.9s
04:00.737  render           | Saved: '/home/user/DevDoctor/ads/purepeptide-motion-en/assets/iphone/renders/tiltout/0029.png'
FRAME tiltout 29 8.0s
04:08.568  render           | Saved: '/home/user/DevDoctor/ads/purepeptide-motion-en/assets/iphone/renders/tiltout/0030.png'
FRAME tiltout 30 7.8s
04:16.444  render           | Saved: '/home/user/DevDoctor/ads/purepeptide-motion-en/assets/iphone/renders/tiltout/0031.png'
FRAME tiltout 31 7.9s
04:24.207  render           | Saved: '/home/user/DevDoctor/ads/purepeptide-motion-en/assets/iphone/renders/tiltout/0032.png'
FRAME tiltout 32 7.8s
04:31.969  render           | Saved: '/home/user/DevDoctor/ads/purepeptide-motion-en/assets/iphone/renders/tiltout/0033.png'
FRAME tiltout 33 7.8s
04:39.733  render           | Saved: '/home/user/DevDoctor/ads/purepeptide-motion-en/assets/iphone/renders/tiltout/0034.png'
FRAME tiltout 34 7.8s
04:46.957  render           | Saved: '/home/user/DevDoctor/ads/purepeptide-motion-en/assets/iphone/renders/tiltout/0035.png'
FRAME tiltout 35 7.2s
04:54.248  render           | Saved: '/home/user/DevDoctor/ads/purepeptide-motion-en/assets/iphone/renders/tiltout/0036.png'
FRAME tiltout 36 7.3s
05:01.700  render           | Saved: '/home/user/DevDoctor/ads/purepeptide-motion-en/assets/iphone/renders/tiltout/0037.png'
FRAME tiltout 37 7.5s
05:09.093  render           | Saved: '/home/user/DevDoctor/ads/purepeptide-motion-en/assets/iphone/renders/tiltout/0038.png'
FRAME tiltout 38 7.4s
05:16.380  render           | Saved: '/home/user/DevDoctor/ads/purepeptide-motion-en/assets/iphone/renders/tiltout/0039.png'
FRAME tiltout 39 7.3s
05:23.787  render           | Saved: '/home/user/DevDoctor/ads/purepeptide-motion-en/assets/iphone/renders/tiltout/0040.png'
FRAME tiltout 40 7.4s
05:30.816  render           | Saved: '/home/user/DevDoctor/ads/purepeptide-motion-en/assets/iphone/renders/tiltout/0041.png'
FRAME tiltout 41 7.0s
05:37.989  render           | Saved: '/home/user/DevDoctor/ads/purepeptide-motion-en/assets/iphone/renders/tiltout/0042.png'
FRAME tiltout 42 7.2s
05:45.089  render           | Saved: '/home/user/DevDoctor/ads/purepeptide-motion-en/assets/iphone/renders/tiltout/0043.png'
FRAME tiltout 43 7.1s
05:52.110  render           | Saved: '/home/user/DevDoctor/ads/purepeptide-motion-en/assets/iphone/renders/tiltout/0044.png'
FRAME tiltout 44 7.0s
DONE tiltout frames=45 avg=7.81s total=352s
00:00.366  blend            | Read blend: "/home/user/DevDoctor/ads/purepeptide-motion-en/assets/iphone/iphone.blend"
screen texture: /home/user/DevDoctor/ads/purepeptide-motion-en/assets/site/screen_home.png (1206, 2622)
00:08.962  render           | Saved: '/home/user/DevDoctor/ads/purepeptide-motion-en/assets/iphone/hero_34.png'
STILL hero_34 8.5s -> /home/user/DevDoctor/ads/purepeptide-motion-en/assets/iphone/hero_34.png
00:00.352  blend            | Read blend: "/home/user/DevDoctor/ads/purepeptide-motion-en/assets/iphone/iphone.blend"
screen texture: /home/user/DevDoctor/ads/purepeptide-motion-en/assets/site/screen_home.png (1206, 2622)
00:15.698  render           | Saved: '/home/user/DevDoctor/ads/purepeptide-motion-en/assets/iphone/back.png'
STILL back 15.3s -> /home/user/DevDoctor/ads/purepeptide-motion-en/assets/iphone/back.png
wrote contact.png
CUTCHECK mean abs diff 2.74 levels, p99 30.9, max 103.0 (phone region); screen below status bar: mean 2.06 p99 25.0
ALL_DONE
